
> kavia-ai-app-contest@0.1.0 start
> react-scripts start

(node:2696) [DEP_WEBPACK_DEV_SERVER_ON_AFTER_SETUP_MIDDLEWARE] DeprecationWarning: 'onAfterSetupMiddleware' option is deprecated. Please use the 'setupMiddlewares' option.
(Use `node --trace-deprecation ...` to show where the warning was created)
(node:2696) [DEP_WEBPACK_DEV_SERVER_ON_BEFORE_SETUP_MIDDLEWARE] DeprecationWarning: 'onBeforeSetupMiddleware' option is deprecated. Please use the 'setupMiddlewares' option.
Starting the development server...

Compiled with warnings.

[eslint] 
src/pages/AddApp.js
  Line 156:25:  'uploadData' is assigned a value but never used  no-unused-vars
  Line 259:41:  Unnecessary escape character: \-                 no-useless-escape
  Line 259:51:  Unnecessary escape character: \-                 no-useless-escape
  Line 259:58:  Unnecessary escape character: \/                 no-useless-escape

Search for the keywords to learn more about each warning.
To ignore, add // eslint-disable-next-line to the line before.

WARNING in [eslint] 
src/pages/AddApp.js
  Line 156:25:  'uploadData' is assigned a value but never used  no-unused-vars
  Line 259:41:  Unnecessary escape character: \-                 no-useless-escape
  Line 259:51:  Unnecessary escape character: \-                 no-useless-escape
  Line 259:58:  Unnecessary escape character: \/                 no-useless-escape

webpack compiled with 1 warning
Compiling...
Compiled with warnings.

[eslint] 
src/pages/AddApp.js
  Line 156:25:  'uploadData' is assigned a value but never used  no-unused-vars
  Line 259:41:  Unnecessary escape character: \-                 no-useless-escape
  Line 259:51:  Unnecessary escape character: \-                 no-useless-escape
  Line 259:58:  Unnecessary escape character: \/                 no-useless-escape

Search for the keywords to learn more about each warning.
To ignore, add // eslint-disable-next-line to the line before.

WARNING in [eslint] 
src/pages/AddApp.js
  Line 156:25:  'uploadData' is assigned a value but never used  no-unused-vars
  Line 259:41:  Unnecessary escape character: \-                 no-useless-escape
  Line 259:51:  Unnecessary escape character: \-                 no-useless-escape
  Line 259:58:  Unnecessary escape character: \/                 no-useless-escape

webpack compiled with 1 warning
Compiling...
Compiled with warnings.

[eslint] 
src/pages/AddApp.js
  Line 158:25:  'uploadData' is assigned a value but never used  no-unused-vars
  Line 261:41:  Unnecessary escape character: \-                 no-useless-escape
  Line 261:51:  Unnecessary escape character: \-                 no-useless-escape
  Line 261:58:  Unnecessary escape character: \/                 no-useless-escape

Search for the keywords to learn more about each warning.
To ignore, add // eslint-disable-next-line to the line before.

WARNING in [eslint] 
src/pages/AddApp.js
  Line 158:25:  'uploadData' is assigned a value but never used  no-unused-vars
  Line 261:41:  Unnecessary escape character: \-                 no-useless-escape
  Line 261:51:  Unnecessary escape character: \-                 no-useless-escape
  Line 261:58:  Unnecessary escape character: \/                 no-useless-escape

webpack compiled with 1 warning
